Sending query...
>>>> {"userid":"test","type":"query_login","password":"pass"}
Query sent.
Waiting for reply...
<<<< {"sessionid":"QUJDREVGR0hJSktMTU5PUFFSU1RVVldYWVphYmNkZWZnaGlqa2xtbm9wcXJzdHV2d3h5ejAxMjM0NTY3ODkrL0FCQ0RFRkdISUpLTE1OT1BRUlNUVVZXWFlaYWJjZGVmZ2hpamtsbW5vcHFyc3R1dnd4eXowMTIzNDU2Nzg5Ky8=","type":"reply_login","permissions":"admin","error":"","token":"QUJDREVGR0hJSktMTU5PUFFSU1RVVldYWVphYmNkZWZnaGlqa2xtbm9wcXJzdHV2d3h5ejAxMjM0NTY3ODkrL0FCQ0RFRkdISUpLTE1OT1BRUlNUVVZXWFlaYWJjZGVmZ2hpamtsbW5vcHFyc3R1dnd4eXowMTIzNDU2Nzg5Ky8="}
Reply received.
Login OK.
Sending query...
>>>> {"reason":"test","sessionid":"QUJDREVGR0hJSktMTU5PUFFSU1RVVldYWVphYmNkZWZnaGlqa2xtbm9wcXJzdHV2d3h5ejAxMjM0NTY3ODkrL0FCQ0RFRkdISUpLTE1OT1BRUlNUVVZXWFlaYWJjZGVmZ2hpamtsbW5vcHFyc3R1dnd4eXowMTIzNDU2Nzg5Ky8=","type":"query_stop","token":"QUJDREVGR0hJSktMTU5PUFFSU1RVVldYWVphYmNkZWZnaGlqa2xtbm9wcXJzdHV2d3h5ejAxMjM0NTY3ODkrL0FCQ0RFRkdISUpLTE1OT1BRUlNUVVZXWFlaYWJjZGVmZ2hpamtsbW5vcHFyc3R1dnd4eXowMTIzNDU2Nzg5Ky8="}
Query sent.
pid_client: OK
pid_server: OK
