Sending query...
>>>> {"userid":"test","type":"query_login","password":"pass"}
Query sent.
Waiting for reply...
<<<< {"sessionid":"QUJDREVGR0hJSktMTU5PUFFSU1RVVldYWVphYmNkZWZnaGlqa2xtbm9wcXJzdHV2d3h5ejAxMjM0NTY3ODkrL0FCQ0RFRkdISUpLTE1OT1BRUlNUVVZXWFlaYWJjZGVmZ2hpamtsbW5vcHFyc3R1dnd4eXowMTIzNDU2Nzg5Ky8=","type":"reply_login","permissions":"admin","error":"","token":"QUJDREVGR0hJSktMTU5PUFFSU1RVVldYWVphYmNkZWZnaGlqa2xtbm9wcXJzdHV2d3h5ejAxMjM0NTY3ODkrL0FCQ0RFRkdISUpLTE1OT1BRUlNUVVZXWFlaYWJjZGVmZ2hpamtsbW5vcHFyc3R1dnd4eXowMTIzNDU2Nzg5Ky8="}
Reply received.
Login OK.
Sending query...
>>>> {"email":"noob@clueless.lol","sessionid":"QUJDREVGR0hJSktMTU5PUFFSU1RVVldYWVphYmNkZWZnaGlqa2xtbm9wcXJzdHV2d3h5ejAxMjM0NTY3ODkrL0FCQ0RFRkdISUpLTE1OT1BRUlNUVVZXWFlaYWJjZGVmZ2hpamtsbW5vcHFyc3R1dnd4eXowMTIzNDU2Nzg5Ky8=","type":"query_create_user","username":"noob","permissions":"user","token":"QUJDREVGR0hJSktMTU5PUFFSU1RVVldYWVphYmNkZWZnaGlqa2xtbm9wcXJzdHV2d3h5ejAxMjM0NTY3ODkrL0FCQ0RFRkdISUpLTE1OT1BRUlNUVVZXWFlaYWJjZGVmZ2hpamtsbW5vcHFyc3R1dnd4eXowMTIzNDU2Nzg5Ky8="}
Query sent.
Waiting for reply...
<<<< {"token":"UFFSU1RVVldYWVphYmNkZWZnaGlqa2xtbm9wcXJzdHV2d3h5ejAxMjM0NTY3ODkrL0FCQ0RFRkdISUpLTE1OT1BRUlNUVVZXWFlaYWJjZGVmZ2hpamtsbW5vcHFyc3R1dnd4eXowMTIzNDU2Nzg5Ky9BQkNERUZHSElKS0xNTk8=","type":"reply_user","password":"efbrgtnfe3dwo1kkjpgr4u1x","username":"noob","validity":"2016/02/21 12:57:29","error":""}
Reply received.
noob's password is efbrgtnfe3dwo1kkjpgr4u1x
Sending query...
>>>> {"userid":"noob","type":"query_login","password":"efbrgtnfe3dwo1kkjpgr4u1x"}
Query sent.
Waiting for reply...
<<<< {"sessionid":"UFFSU1RVVldYWVphYmNkZWZnaGlqa2xtbm9wcXJzdHV2d3h5ejAxMjM0NTY3ODkrL0FCQ0RFRkdISUpLTE1OT1BRUlNUVVZXWFlaYWJjZGVmZ2hpamtsbW5vcHFyc3R1dnd4eXowMTIzNDU2Nzg5Ky9BQkNERUZHSElKS0xNTk8=","type":"reply_login","permissions":"user","error":"","token":"UFFSU1RVVldYWVphYmNkZWZnaGlqa2xtbm9wcXJzdHV2d3h5ejAxMjM0NTY3ODkrL0FCQ0RFRkdISUpLTE1OT1BRUlNUVVZXWFlaYWJjZGVmZ2hpamtsbW5vcHFyc3R1dnd4eXowMTIzNDU2Nzg5Ky9BQkNERUZHSElKS0xNTk8="}
Reply received.
Login OK.
Sending query...
>>>> {"reason":"test","sessionid":"QUJDREVGR0hJSktMTU5PUFFSU1RVVldYWVphYmNkZWZnaGlqa2xtbm9wcXJzdHV2d3h5ejAxMjM0NTY3ODkrL0FCQ0RFRkdISUpLTE1OT1BRUlNUVVZXWFlaYWJjZGVmZ2hpamtsbW5vcHFyc3R1dnd4eXowMTIzNDU2Nzg5Ky8=","type":"query_stop","token":"UFFSU1RVVldYWVphYmNkZWZnaGlqa2xtbm9wcXJzdHV2d3h5ejAxMjM0NTY3ODkrL0FCQ0RFRkdISUpLTE1OT1BRUlNUVVZXWFlaYWJjZGVmZ2hpamtsbW5vcHFyc3R1dnd4eXowMTIzNDU2Nzg5Ky9BQkNERUZHSElKS0xNTk8="}
Query sent.
Checked noob's email: OK
server: OK
client: OK
