[   INFO] tst/test_log.c: Idle 0
[   INFO] tst/test_log.c: Idle 1
[   INFO] tst/test_log.c: Idle 2
[   INFO] tst/test_log.c: Idle 3
[   INFO] tst/test_log.c: Idle 4
[   INFO] tst/test_log.c: Idle 5
[   INFO] tst/test_log.c: Idle 6
[   INFO] tst/test_log.c: Idle 7
[   INFO] tst/test_log.c: Idle 8
[   INFO] tst/test_log.c: Idle 9
[   INFO] tst/test_log.c: Idle 10
