[   INFO] tst/test_log.c:29: Idle 0
[   INFO] tst/test_log.c:29: Idle 1
[   INFO] tst/test_log.c:29: Idle 2
[   INFO] tst/test_log.c:29: Idle 3
[   INFO] tst/test_log.c:29: Idle 4
[   INFO] tst/test_log.c:29: Idle 5
[   INFO] tst/test_log.c:29: Idle 6
[   INFO] tst/test_log.c:29: Idle 7
[   INFO] tst/test_log.c:29: Idle 8
[   INFO] tst/test_log.c:29: Idle 9
[   INFO] tst/test_log.c:29: Idle 10
