----------------------------------------------------------------
[test_client_cgi_login_admin.01.in]


----------------------------------------------------------------
[test_client_cgi_login_admin.01.hdr]

HTTP/1.1 303 See Other
Content-Type: text/plain
Status: 303
Location: /test_cgi.cgi/login
Pragma: no-cache
X-Frame-Options: SAMEORIGIN
Cache-Control: no-cache, no-store
Expires: 0
Strict-Transport-Security: max-age=31536000; includeSubDomains
Transfer-Encoding: chunked
Server: test_cgi

----------------------------------------------------------------
[test_client_cgi_login_admin.01.res]

Redirect to /test_cgi.cgi/login
----------------------------------------------------------------
[test_client_cgi_login_admin.01.out]

Content-Type: text/plain
Status: 303
Location: /test_cgi.cgi/login
Pragma: no-cache
X-Frame-Options: SAMEORIGIN
Cache-Control: no-cache, no-store
Expires: 0
Strict-Transport-Security: max-age=31536000; includeSubDomains

Redirect to /test_cgi.cgi/login
----------------------------------------------------------------
[test_client_cgi_login_admin.02.in]

userid=admin&password=password&action=ok
----------------------------------------------------------------
[test_client_cgi_login_admin.02.hdr]

HTTP/1.1 303 See Other
Content-Type: text/plain
Status: 303
Location: /test_cgi.cgi/admin_home?token=ZiB0aGUgR05VIEdlbmVyYWwgUHVibGljIExpY2Vuc2UgYXMgcHVibGlzaGVkIGJ5CiAgICB0aGUgRnJlZSBTb2Z0d2FyZSBGb3VuZGF0aW9uLCBlaXRoZXIgdmVyc2lvbiAzIG9mIHRoZSBMaWNlbnNlLgoKICAgIENpcmN1cyA%3d
Pragma: no-cache
X-Frame-Options: SAMEORIGIN
Cache-Control: no-cache, no-store
Expires: 0
Strict-Transport-Security: max-age=31536000; includeSubDomains
Set-Cookie: WEBSID=LyoKICAgIFRoaXMgZmlsZSBpcyBwYXJ0IG9mIENpcmN1cy4KCiAgICBDaXJjdXMgaXMgZnJlZSBzb2Z0d2FyZTogeW91IGNhbiByZWRpc3RyaWJ1dGUgaXQgYW5kL29yIG1vZGlmeQogICAgaXQgdW5kZXIgdGhlIHRlcm1zIG8%3d; Max-Age=900; Path=/test_cgi.cgi/
Transfer-Encoding: chunked
Server: test_cgi

----------------------------------------------------------------
[test_client_cgi_login_admin.02.res]

Redirect to /test_cgi.cgi/admin_home?token=ZiB0aGUgR05VIEdlbmVyYWwgUHVibGljIExpY2Vuc2UgYXMgcHVibGlzaGVkIGJ5CiAgICB0aGUgRnJlZSBTb2Z0d2FyZSBGb3VuZGF0aW9uLCBlaXRoZXIgdmVyc2lvbiAzIG9mIHRoZSBMaWNlbnNlLgoKICAgIENpcmN1cyA%3d
----------------------------------------------------------------
[test_client_cgi_login_admin.02.out]

Content-Type: text/plain
Status: 303
Location: /test_cgi.cgi/admin_home?token=ZiB0aGUgR05VIEdlbmVyYWwgUHVibGljIExpY2Vuc2UgYXMgcHVibGlzaGVkIGJ5CiAgICB0aGUgRnJlZSBTb2Z0d2FyZSBGb3VuZGF0aW9uLCBlaXRoZXIgdmVyc2lvbiAzIG9mIHRoZSBMaWNlbnNlLgoKICAgIENpcmN1cyA%3d
Pragma: no-cache
X-Frame-Options: SAMEORIGIN
Cache-Control: no-cache, no-store
Expires: 0
Strict-Transport-Security: max-age=31536000; includeSubDomains
Set-Cookie: WEBSID=LyoKICAgIFRoaXMgZmlsZSBpcyBwYXJ0IG9mIENpcmN1cy4KCiAgICBDaXJjdXMgaXMgZnJlZSBzb2Z0d2FyZTogeW91IGNhbiByZWRpc3RyaWJ1dGUgaXQgYW5kL29yIG1vZGlmeQogICAgaXQgdW5kZXIgdGhlIHRlcm1zIG8%3d; Max-Age=900; Path=/test_cgi.cgi/

Redirect to /test_cgi.cgi/admin_home?token=ZiB0aGUgR05VIEdlbmVyYWwgUHVibGljIExpY2Vuc2UgYXMgcHVibGlzaGVkIGJ5CiAgICB0aGUgRnJlZSBTb2Z0d2FyZSBGb3VuZGF0aW9uLCBlaXRoZXIgdmVyc2lvbiAzIG9mIHRoZSBMaWNlbnNlLgoKICAgIENpcmN1cyA%3d
----------------------------------------------------------------
